This is cutadapt 5.2 with Python 3.12.0
Command line parameters: -a GGCTGG...TGGGCC --revcomp -e 0.1 -j 0 -o example_output/m1_liver.barcodes.fasta example_data/raw_reads/m1_liver.fastq.gz
Processing single-end reads on 16 cores ...

=== Summary ===

Total reads processed:                  47,839
Reads with adapters:                    45,723 (95.6%)
Reverse-complemented:                       28 (0.1%)
Reads written (passing filters):        47,839 (100.0%)

Total basepairs processed:     5,836,358 bp
Total written (filtered):      1,265,230 bp (21.7%)

=== Adapter 1 ===

Sequence: GGCTGG...TGGGCC; Type: linked; Length: 6+6; 5' trimmed: 45377 times; 3' trimmed: 45511 times; Reverse-complemented: 28 times

Minimum overlap: 3+3
No. of allowed errors:
1-6 bp: 0

No. of allowed errors:
1-6 bp: 0

Overview of removed sequences at 5' end
length	count	expect	max.err	error counts
3	78	747.5	0	78
4	16	186.9	0	16
5	3	46.7	0	3
6	14	11.7	0	14
7	13	11.7	0	13
8	13	11.7	0	13
14	2	11.7	0	2
43	4	11.7	0	4
44	24	11.7	0	24
45	8295	11.7	0	8295
46	7480	11.7	0	7480
47	6991	11.7	0	6991
48	5982	11.7	0	5982
49	5936	11.7	0	5936
50	5425	11.7	0	5425
51	5066	11.7	0	5066
52	28	11.7	0	28
53	1	11.7	0	1
59	1	11.7	0	1
85	1	11.7	0	1
99	1	11.7	0	1
108	1	11.7	0	1
112	1	11.7	0	1
113	1	11.7	0	1



Overview of removed sequences at 3' end
length	count	expect	max.err	error counts
3	166	747.5	0	166
4	107	186.9	0	107
48	1	11.7	0	1
49	28	11.7	0	28
50	5074	11.7	0	5074
51	5428	11.7	0	5428
52	5942	11.7	0	5942
53	5994	11.7	0	5994
54	6969	11.7	0	6969
55	7471	11.7	0	7471
56	8291	11.7	0	8291
57	23	11.7	0	23
58	4	11.7	0	4
62	1	11.7	0	1
74	2	11.7	0	2
80	2	11.7	0	2
81	2	11.7	0	2
82	2	11.7	0	2
83	1	11.7	0	1
84	1	11.7	0	1
87	2	11.7	0	2
