This is cutadapt 5.2 with Python 3.12.12
Command line parameters: -a CCTGGGCTGG...TGGGCCTCTC -e 0.1 -j 0 -o example_output/m1_lung.barcodes.fasta example_data/raw_reads/m1_lung.fastq.gz
Processing single-end reads on 16 cores ...

=== Summary ===

Total reads processed:                  47,839
Reads with adapters:                    45,659 (95.4%)
Reads written (passing filters):        47,839 (100.0%)

Total basepairs processed:     5,836,358 bp
Total written (filtered):      1,259,918 bp (21.6%)

=== Adapter 1 ===

Sequence: CCTGGGCTGG...TGGGCCTCTC; Type: linked; Length: 10+10; 5' trimmed: 45392 times; 3' trimmed: 45556 times

Minimum overlap: 3+3
No. of allowed errors:
1-9 bp: 0; 10 bp: 1

No. of allowed errors:
1-9 bp: 0; 10 bp: 1

Overview of removed sequences at 5' end
length	count	expect	max.err	error counts
3	75	747.5	0	75
4	15	186.9	0	15
5	4	46.7	0	4
39	2	0.0	1	2
40	2	0.0	1	2
41	1	0.0	1	1
43	1	0.0	1	1
44	23	0.0	1	23
45	8351	0.0	1	8330 21
46	7397	0.0	1	7384 13
47	6986	0.0	1	6951 35
48	5880	0.0	1	5851 29
49	6216	0.0	1	6182 34
50	5441	0.0	1	5420 21
51	4973	0.0	1	4953 20
52	23	0.0	1	22 1
85	1	0.0	1	0 1
98	1	0.0	1	0 1



Overview of removed sequences at 3' end
length	count	expect	max.err	error counts
3	138	747.5	0	138
4	119	186.9	0	119
49	23	0.0	1	23
50	4974	0.0	1	4956 18
51	5445	0.0	1	5425 20
52	6214	0.0	1	6195 19
53	5881	0.0	1	5848 33
54	6986	0.0	1	6942 44
55	7396	0.0	1	7368 28
56	8351	0.0	1	8309 42
57	23	0.0	1	23
60	1	0.0	1	1
62	2	0.0	1	2
64	1	0.0	1	0 1
67	2	0.0	1	0 2
