Assuming unrestricted shared filesystem usage.
host: conradin-Precision-3650-Tower
Building DAG of jobs...
Using shell: /usr/bin/bash
Provided cores: 8
Rules claiming more threads will be scaled down.
Job stats:
job                        count
-----------------------  -------
all                            1
count_barcodes                 4
find_barcodes                  4
gather_input_stats             4
join_with_variants             4
make_recoveredReads_log        4
total                         21

Select jobs to execute...
Execute 8 jobs...
[Tue Jan 20 17:27:42 2026]
localrule gather_input_stats:
    input: example_data/raw_reads/m1_lung.fastq.gz
    output: example_output/m1_lung.stats.txt
    jobid: 2
    reason: Missing output files: example_output/m1_lung.stats.txt
    wildcards: sample=m1_lung
    resources: tmpdir=/tmp
[Tue Jan 20 17:27:42 2026]
localrule find_barcodes:
    input: example_data/raw_reads/m1_liver.fastq.gz
    output: example_output/m1_liver.barcodes.fasta
    log: example_output/logs/m1_liver.cutadapt.log
    jobid: 10
    reason: Missing output files: example_output/m1_liver.barcodes.fasta
    wildcards: sample=m1_liver
    resources: tmpdir=/tmp
[Tue Jan 20 17:27:42 2026]
localrule gather_input_stats:
    input: example_data/raw_reads/m1_liver.fastq.gz
    output: example_output/m1_liver.stats.txt
    jobid: 7
    reason: Missing output files: example_output/m1_liver.stats.txt
    wildcards: sample=m1_liver
    resources: tmpdir=/tmp
[Tue Jan 20 17:27:42 2026]
localrule gather_input_stats:
    input: example_data/raw_reads/m1_input.fastq.gz
    output: example_output/m1_input.stats.txt
    jobid: 17
    reason: Missing output files: example_output/m1_input.stats.txt
    wildcards: sample=m1_input
    resources: tmpdir=/tmp
[Tue Jan 20 17:27:42 2026]
localrule gather_input_stats:
    input: example_data/raw_reads/m1_kidney.fastq.gz
    output: example_output/m1_kidney.stats.txt
    jobid: 12
    reason: Missing output files: example_output/m1_kidney.stats.txt
    wildcards: sample=m1_kidney
    resources: tmpdir=/tmp
[Tue Jan 20 17:27:42 2026]
localrule find_barcodes:
    input: example_data/raw_reads/m1_lung.fastq.gz
    output: example_output/m1_lung.barcodes.fasta
    log: example_output/logs/m1_lung.cutadapt.log
    jobid: 5
    reason: Missing output files: example_output/m1_lung.barcodes.fasta
    wildcards: sample=m1_lung
    resources: tmpdir=/tmp
[Tue Jan 20 17:27:42 2026]
localrule find_barcodes:
    input: example_data/raw_reads/m1_kidney.fastq.gz
    output: example_output/m1_kidney.barcodes.fasta
    log: example_output/logs/m1_kidney.cutadapt.log
    jobid: 15
    reason: Missing output files: example_output/m1_kidney.barcodes.fasta
    wildcards: sample=m1_kidney
    resources: tmpdir=/tmp
[Tue Jan 20 17:27:42 2026]
localrule find_barcodes:
    input: example_data/raw_reads/m1_input.fastq.gz
    output: example_output/m1_input.barcodes.fasta
    log: example_output/logs/m1_input.cutadapt.log
    jobid: 20
    reason: Missing output files: example_output/m1_input.barcodes.fasta
    wildcards: sample=m1_input
    resources: tmpdir=/tmp
[Tue Jan 20 17:27:42 2026]
Finished jobid: 17 (Rule: gather_input_stats)
1 of 21 steps (5%) done
[Tue Jan 20 17:27:42 2026]
Finished jobid: 2 (Rule: gather_input_stats)
2 of 21 steps (10%) done
[Tue Jan 20 17:27:42 2026]
Finished jobid: 7 (Rule: gather_input_stats)
3 of 21 steps (14%) done
[Tue Jan 20 17:27:42 2026]
Finished jobid: 12 (Rule: gather_input_stats)
4 of 21 steps (19%) done
[Tue Jan 20 17:27:42 2026]
Finished jobid: 5 (Rule: find_barcodes)
5 of 21 steps (24%) done
Select jobs to execute...
Execute 1 jobs...
[Tue Jan 20 17:27:42 2026]
localrule count_barcodes:
    input: example_output/m1_lung.barcodes.fasta
    output: example_output/m1_lung.counts.csv
    jobid: 4
    reason: Missing output files: example_output/m1_lung.counts.csv; Input files updated by another job: example_output/m1_lung.barcodes.fasta
    wildcards: sample=m1_lung
    resources: tmpdir=/tmp
[Tue Jan 20 17:27:42 2026]
Finished jobid: 20 (Rule: find_barcodes)
6 of 21 steps (29%) done
Select jobs to execute...
Execute 1 jobs...
[Tue Jan 20 17:27:42 2026]
localrule count_barcodes:
    input: example_output/m1_input.barcodes.fasta
    output: example_output/m1_input.counts.csv
    jobid: 19
    reason: Missing output files: example_output/m1_input.counts.csv; Input files updated by another job: example_output/m1_input.barcodes.fasta
    wildcards: sample=m1_input
    resources: tmpdir=/tmp
[Tue Jan 20 17:27:42 2026]
Finished jobid: 10 (Rule: find_barcodes)
7 of 21 steps (33%) done
Select jobs to execute...
Execute 1 jobs...
[Tue Jan 20 17:27:42 2026]
localrule count_barcodes:
    input: example_output/m1_liver.barcodes.fasta
    output: example_output/m1_liver.counts.csv
    jobid: 9
    reason: Missing output files: example_output/m1_liver.counts.csv; Input files updated by another job: example_output/m1_liver.barcodes.fasta
    wildcards: sample=m1_liver
    resources: tmpdir=/tmp
[Tue Jan 20 17:27:42 2026]
Finished jobid: 15 (Rule: find_barcodes)
8 of 21 steps (38%) done
Select jobs to execute...
Execute 1 jobs...
[Tue Jan 20 17:27:42 2026]
localrule count_barcodes:
    input: example_output/m1_kidney.barcodes.fasta
    output: example_output/m1_kidney.counts.csv
    jobid: 14
    reason: Missing output files: example_output/m1_kidney.counts.csv; Input files updated by another job: example_output/m1_kidney.barcodes.fasta
    wildcards: sample=m1_kidney
    resources: tmpdir=/tmp
[Tue Jan 20 17:27:43 2026]
Finished jobid: 4 (Rule: count_barcodes)
9 of 21 steps (43%) done
Removing temporary output example_output/m1_lung.barcodes.fasta.
Select jobs to execute...
Execute 1 jobs...
[Tue Jan 20 17:27:43 2026]
localrule join_with_variants:
    input: example_output/m1_lung.counts.csv, example_data/variants.txt
    output: example_output/m1_lung.variantCounts.csv
    jobid: 3
    reason: Missing output files: example_output/m1_lung.variantCounts.csv; Input files updated by another job: example_output/m1_lung.counts.csv
    wildcards: sample=m1_lung
    resources: tmpdir=/tmp
[Tue Jan 20 17:27:43 2026]
Finished jobid: 19 (Rule: count_barcodes)
10 of 21 steps (48%) done
Removing temporary output example_output/m1_input.barcodes.fasta.
Select jobs to execute...
Execute 1 jobs...
[Tue Jan 20 17:27:43 2026]
localrule join_with_variants:
    input: example_output/m1_input.counts.csv, example_data/variants.txt
    output: example_output/m1_input.variantCounts.csv
    jobid: 18
    reason: Missing output files: example_output/m1_input.variantCounts.csv; Input files updated by another job: example_output/m1_input.counts.csv
    wildcards: sample=m1_input
    resources: tmpdir=/tmp
[Tue Jan 20 17:27:43 2026]
Finished jobid: 9 (Rule: count_barcodes)
11 of 21 steps (52%) done
Removing temporary output example_output/m1_liver.barcodes.fasta.
Select jobs to execute...
Execute 1 jobs...
[Tue Jan 20 17:27:43 2026]
localrule join_with_variants:
    input: example_output/m1_liver.counts.csv, example_data/variants.txt
    output: example_output/m1_liver.variantCounts.csv
    jobid: 8
    reason: Missing output files: example_output/m1_liver.variantCounts.csv; Input files updated by another job: example_output/m1_liver.counts.csv
    wildcards: sample=m1_liver
    resources: tmpdir=/tmp
[Tue Jan 20 17:27:43 2026]
Finished jobid: 14 (Rule: count_barcodes)
12 of 21 steps (57%) done
Removing temporary output example_output/m1_kidney.barcodes.fasta.
Select jobs to execute...
Execute 1 jobs...
[Tue Jan 20 17:27:43 2026]
localrule join_with_variants:
    input: example_output/m1_kidney.counts.csv, example_data/variants.txt
    output: example_output/m1_kidney.variantCounts.csv
    jobid: 13
    reason: Missing output files: example_output/m1_kidney.variantCounts.csv; Input files updated by another job: example_output/m1_kidney.counts.csv
    wildcards: sample=m1_kidney
    resources: tmpdir=/tmp
[Tue Jan 20 17:27:44 2026]
Finished jobid: 8 (Rule: join_with_variants)
13 of 21 steps (62%) done
Removing temporary output example_output/m1_liver.counts.csv.
Select jobs to execute...
Execute 1 jobs...
[Tue Jan 20 17:27:44 2026]
localrule make_recoveredReads_log:
    input: example_output/m1_liver.stats.txt, example_output/m1_liver.variantCounts.csv
    output: example_output/logs/m1_liver.recoveredReads.log
    jobid: 6
    reason: Missing output files: example_output/logs/m1_liver.recoveredReads.log; Input files updated by another job: example_output/m1_liver.stats.txt, example_output/m1_liver.variantCounts.csv
    wildcards: sample=m1_liver
    resources: tmpdir=/tmp
[Tue Jan 20 17:27:44 2026]
Finished jobid: 3 (Rule: join_with_variants)
14 of 21 steps (67%) done
Removing temporary output example_output/m1_lung.counts.csv.
Select jobs to execute...
Execute 1 jobs...
[Tue Jan 20 17:27:44 2026]
localrule make_recoveredReads_log:
    input: example_output/m1_lung.stats.txt, example_output/m1_lung.variantCounts.csv
    output: example_output/logs/m1_lung.recoveredReads.log
    jobid: 1
    reason: Missing output files: example_output/logs/m1_lung.recoveredReads.log; Input files updated by another job: example_output/m1_lung.variantCounts.csv, example_output/m1_lung.stats.txt
    wildcards: sample=m1_lung
    resources: tmpdir=/tmp
[Tue Jan 20 17:27:44 2026]
Finished jobid: 18 (Rule: join_with_variants)
15 of 21 steps (71%) done
Removing temporary output example_output/m1_input.counts.csv.
Select jobs to execute...
Execute 1 jobs...
[Tue Jan 20 17:27:44 2026]
localrule make_recoveredReads_log:
    input: example_output/m1_input.stats.txt, example_output/m1_input.variantCounts.csv
    output: example_output/logs/m1_input.recoveredReads.log
    jobid: 16
    reason: Missing output files: example_output/logs/m1_input.recoveredReads.log; Input files updated by another job: example_output/m1_input.stats.txt, example_output/m1_input.variantCounts.csv
    wildcards: sample=m1_input
    resources: tmpdir=/tmp
[Tue Jan 20 17:27:44 2026]
Finished jobid: 13 (Rule: join_with_variants)
16 of 21 steps (76%) done
Removing temporary output example_output/m1_kidney.counts.csv.
Select jobs to execute...
Execute 1 jobs...
[Tue Jan 20 17:27:44 2026]
localrule make_recoveredReads_log:
    input: example_output/m1_kidney.stats.txt, example_output/m1_kidney.variantCounts.csv
    output: example_output/logs/m1_kidney.recoveredReads.log
    jobid: 11
    reason: Missing output files: example_output/logs/m1_kidney.recoveredReads.log; Input files updated by another job: example_output/m1_kidney.stats.txt, example_output/m1_kidney.variantCounts.csv
    wildcards: sample=m1_kidney
    resources: tmpdir=/tmp
[Tue Jan 20 17:27:46 2026]
Finished jobid: 1 (Rule: make_recoveredReads_log)
17 of 21 steps (81%) done
Removing temporary output example_output/m1_lung.stats.txt.
[Tue Jan 20 17:27:46 2026]
Finished jobid: 16 (Rule: make_recoveredReads_log)
18 of 21 steps (86%) done
Removing temporary output example_output/m1_input.stats.txt.
[Tue Jan 20 17:27:46 2026]
Finished jobid: 6 (Rule: make_recoveredReads_log)
19 of 21 steps (90%) done
Removing temporary output example_output/m1_liver.stats.txt.
[Tue Jan 20 17:27:46 2026]
Finished jobid: 11 (Rule: make_recoveredReads_log)
20 of 21 steps (95%) done
Removing temporary output example_output/m1_kidney.stats.txt.
Select jobs to execute...
Execute 1 jobs...
[Tue Jan 20 17:27:46 2026]
localrule all:
    input: example_output/logs/m1_lung.recoveredReads.log, example_output/logs/m1_liver.recoveredReads.log, example_output/logs/m1_kidney.recoveredReads.log, example_output/logs/m1_input.recoveredReads.log
    jobid: 0
    reason: Input files updated by another job: example_output/logs/m1_lung.recoveredReads.log, example_output/logs/m1_liver.recoveredReads.log, example_output/logs/m1_input.recoveredReads.log, example_output/logs/m1_kidney.recoveredReads.log
    resources: tmpdir=/tmp
[Tue Jan 20 17:27:46 2026]
Finished jobid: 0 (Rule: all)
21 of 21 steps (100%) done
Complete log(s): /home/conradin/projects/manuscripts/BarPepScripts/.snakemake/log/2026-01-20T172742.304195.snakemake.log
